// Jest Snapshot v1, https://goo.gl/fbAQLP

exports[`renders Component correctly 1`] = `
<table
  className="container table table-striped table-bordered table-hover"
>
  <thead>
    <tr>
      <th>
        Description
      </th>
      <th>
        Status
      </th>
      <th>
        Action
      </th>
    </tr>
  </thead>
  <tbody />
</table>
`;
