// Jest Snapshot v1, https://goo.gl/fbAQLP

exports[`renders correctly 1`] = `
<div
  className="container"
>
  <div
    className="row"
  >
    <div
      className="col-md-6"
    >
      <table
        className="table table-bordered"
      >
        <thead>
          <tr>
            <th
              scope="col"
            >
              My Missions
            </th>
          </tr>
        </thead>
        <tbody />
      </table>
    </div>
    <div
      className="col-md-6"
    >
      <table
        className="table table-bordered"
      >
        <thead>
          <tr>
            <th
              scope="col"
            >
              My Rockets
            </th>
          </tr>
        </thead>
        <tbody />
      </table>
    </div>
  </div>
</div>
`;
