// Jest Snapshot v1, https://goo.gl/fbAQLP

exports[`renders Component correctly 1`] = `
<div
  className="container pt-2 pb-5"
/>
`;
